// Jest Snapshot v1, https://goo.gl/fbAQLP

exports[`App renders App 1`] = `
<Fragment>
  <TextSelector
    onChange={[Function]}
    text=""
  />
  <ColorSelector
    backgroundColor="white"
    color="black"
    onChange={[Function]}
  />
  <Shape
    backgroundColor="white"
    color="black"
    text=""
  />
</Fragment>
`;
