// Jest Snapshot v1, https://goo.gl/fbAQLP

exports[`ColorSelector renders ColorSelector 1`] = `
<div>
  <label
    htmlFor="color"
  >
    Font Color
  </label>
  <input
    name="color"
    type="color"
  />
  <label
    htmlFor="backgroundColor"
  >
    Background Color
  </label>
  <input
    name="backgroundColor"
    type="color"
  />
</div>
`;
