// Jest Snapshot v1, https://goo.gl/fbAQLP

exports[`Color Selector Test ColorSelector snapshot 1`] = `
<div>
  <label
    name="fontColor"
  >
    Choose a font color:
  </label>
  <input
    name="fontColor"
    type="color"
  />
  <label
    name="backgroundColor"
  >
    Choose a background color:
  </label>
  <input
    name="backgroundColor"
    type="color"
  />
</div>
`;
