// Jest Snapshot v1, https://goo.gl/fbAQLP

exports[`ColorSelector renders ColorSelector 1`] = `
<form>
  <label
    htmlFor="color"
  >
    Font Color
  </label>
  <select
    name="color"
  >
    <option
      key="black"
      value="black"
    >
      black
    </option>
    <option
      key="red"
      value="red"
    >
      red
    </option>
    <option
      key="blue"
      value="blue"
    >
      blue
    </option>
    <option
      key="white"
      value="white"
    >
      white
    </option>
    <option
      key="yellow"
      value="yellow"
    >
      yellow
    </option>
  </select>
  <label
    htmlFor="backgroundColor"
  >
    Background Color
  </label>
  <select
    name="backgroundColor"
  >
    <option
      key="black"
      value="black"
    >
      black
    </option>
    <option
      key="red"
      value="red"
    >
      red
    </option>
    <option
      key="blue"
      value="blue"
    >
      blue
    </option>
    <option
      key="white"
      value="white"
    >
      white
    </option>
    <option
      key="yellow"
      value="yellow"
    >
      yellow
    </option>
  </select>
</form>
`;
